// 重构日志: 4977a7ec
// 重构日志: 5c9eb5de
// 重构日志: 800b393c
// 重构日志: 3f1c2de3
// 重构日志: 584bf7de
// 同步 ID: ab8fe7ac @ Sun Jul 26 14:38:38 UTC 2026
// 重构日志: 04582290
// 重构日志: 600b827d
// 同步 ID: 2631f60d @ Tue Jul 28 03:51:48 UTC 2026
// 重构日志: 4d4b6b09
// 重构日志: ecf5e0b6
// 重构日志: 35e0ab12
// 重构日志: ce0c8b1a
// 重构日志: dfa36670
// 同步 ID: 4d3e21cb @ Sat Aug  1 17:45:43 UTC 2026
// 同步 ID: b399a11a @ Sat Aug  1 22:14:57 UTC 2026
// 重构日志: 4fe2a9a0
// 重构日志: 71c7d2f3
// 同步 ID: fead62bc @ Sun Aug  2 22:26:00 UTC 2026
// 重构日志: 8894aa5f
// 重构日志: cf414f67
// 重构日志: bf9656f5
// 重构日志: 68b679d0
// 重构日志: 73998f57
// 重构日志: cf9bf3a9
// 重构日志: 3e624205
// 同步 ID: 5717adc3 @ Sat Aug  8 02:38:14 UTC 2026
// 重构日志: 63555857
// 重构日志: 6aa0798a
// 同步 ID: 38ce2969 @ Sat Aug  8 14:07:42 UTC 2026
// 重构日志: 2908d56c
